${projpath}/results/host_map_1
${projpath}/results/host_map_1/logs
${projpath}/results/host_map_1/R1.count
${projpath}/results/host_map_1/R2.count
${projpath}/results/host_map_1/map_1
${projpath}/results/host_map_1/map_1/R1.map.id
${projpath}/results/host_map_1/map_1/R1.unmap.id
${projpath}/results/host_map_1/map_1/R2.map.id
${projpath}/results/host_map_1/map_1/R2.unmap.id
${projpath}/results/host_map_1/map_1/R1.unmap.fastq
${projpath}/results/host_map_1/map_1/R2.unmap.fastq
${projpath}/results/host_map_1/map_1/out.bam
${projpath}/results/host_map_1/host_map_1.R1
${projpath}/results/host_map_1/R1.discard
${projpath}/results/host_map_1/host_map_1.R2
${projpath}/results/host_map_1/R2.discard
${projpath}/results/host_map_1/map_2
${projpath}/results/host_map_1/map_2/R1.map.id
${projpath}/results/host_map_1/map_2/R1.unmap.id
${projpath}/results/host_map_1/map_2/R2.map.id
${projpath}/results/host_map_1/map_2/R2.unmap.id
${projpath}/results/host_map_1/map_2/R1.unmap.fastq
${projpath}/results/host_map_1/map_2/R2.unmap.fastq
${projpath}/results/host_map_1/map_2/out.bam
