${projpath}/results/iterative_blast_phylo_2
${projpath}/results/iterative_blast_phylo_2/logs
${projpath}/results/iterative_blast_phylo_2/1.contig.fasta
${projpath}/results/iterative_blast_phylo_2/contig.count
${projpath}/results/iterative_blast_phylo_2/tmp_contig_1
${projpath}/results/iterative_blast_phylo_2/tmp_contig_1/tmpsplit000
${projpath}/results/iterative_blast_phylo_2/tmp_contig_1/blastout000
${projpath}/results/iterative_blast_phylo_2/tmp_contig_1/header_phy
${projpath}/results/iterative_blast_phylo_2/1.contig.blast
${projpath}/results/iterative_blast_phylo_2/1.contig.blast.ann
${projpath}/results/iterative_blast_phylo_2/1.contig.blast.t2q
${projpath}/results/iterative_blast_phylo_2/1.contig.blast.phylo
${projpath}/results/iterative_blast_phylo_2/1.contig.top.blast
${projpath}/results/iterative_blast_phylo_2/1.contig.top.blast.ann
${projpath}/results/iterative_blast_phylo_2/1.contig.top.blast.t2q
${projpath}/results/iterative_blast_phylo_2/1.contig.top.blast.phylo
${projpath}/results/iterative_blast_phylo_2/1.contig.noblast.fasta
${projpath}/results/iterative_blast_phylo_2/2.contig.fasta
${projpath}/results/iterative_blast_phylo_2/iterative_blast_phylo_2.contig
${projpath}/results/iterative_blast_phylo_2/contig.count.superclass
${projpath}/results/iterative_blast_phylo_2/contig.top.count.superclass
${projpath}/results/iterative_blast_phylo_2/tmp_contig_2
${projpath}/results/iterative_blast_phylo_2/tmp_contig_2/tmpsplit000
${projpath}/results/iterative_blast_phylo_2/tmp_contig_2/blastout000
${projpath}/results/iterative_blast_phylo_2/2.contig.blast
${projpath}/results/iterative_blast_phylo_2/2.contig.top.blast
${projpath}/results/iterative_blast_phylo_2/2.contig.noblast.fasta
${projpath}/results/iterative_blast_phylo_2/3.contig.fasta
${projpath}/results/iterative_blast_phylo_2/reports
${projpath}/results/iterative_blast_phylo_2/reports/contig.${projname}.top.report.txt
${projpath}/results/iterative_blast_phylo_2/reports/contig.${projname}.phylo.txt
${projpath}/results/iterative_blast_phylo_2/reports/contig.${projname}.top.phylo.txt
${projpath}/results/iterative_blast_phylo_2/reports/contig.${projname}.top.smallreport.txt
${projpath}/results/iterative_blast_phylo_2/reports/${projname}.joinR1R2.smallreport.txt
