${projpath}/results/ray2_assembly_1/logs
${projpath}/results/ray2_assembly_1/logs_assembly
${projpath}/results/ray2_assembly_1/R1.single.fastq
${projpath}/results/ray2_assembly_1/results/Contigs.fasta
${projpath}/results/ray2_assembly_1/out.ray.fa
${projpath}/results/ray2_assembly_1/contig.id
${projpath}/results/ray2_assembly_1/ray2_assembly_1.fasta
${projpath}/results/ray2_assembly_1/cap3.out
${projpath}/results/ray2_assembly_1/out.ray.fa.cap.info
${projpath}/results/ray2_assembly_1/out.ray.fa.cap.contigs.links
${projpath}/results/ray2_assembly_1/out.ray.fa.cap.contigs
${projpath}/results/ray2_assembly_1/out.ray.fa.cap.contigs.qual
${projpath}/results/ray2_assembly_1/out.ray.fa.cap.singlets
${projpath}/results/ray2_assembly_1/out.ray.fa.cap.ace
${projpath}/results/ray2_assembly_1/out.ray.fa.cap.concat
${projpath}/results/ray2_assembly_1/out.cap.fa
${projpath}/results/ray2_assembly_1/assembly.count
${projpath}/results/ray2_assembly_1/bowtie2_mapping/R1.map.id
${projpath}/results/ray2_assembly_1/bowtie2_mapping/R1.unmap.id
${projpath}/results/ray2_assembly_1/bowtie2_mapping/singleton.map.id
${projpath}/results/ray2_assembly_1/bowtie2_mapping/singleton.unmap.id
${projpath}/results/ray2_assembly_1/bowtie2_mapping/R1.unmap.fastq
${projpath}/results/ray2_assembly_1/bowtie2_mapping/out.bam
${projpath}/results/ray2_assembly_1/contig_numreads.txt
${projpath}/results/ray2_assembly_1/1.R1.unmap.fastq
${projpath}/results/ray2_assembly_1/R1.count
${projpath}/results/ray2_assembly_1/head.1.R1.unmap.fastq
${projpath}/results/ray2_assembly_1/contig_len.txt
