${projpath}/results/ray2_assembly_1
${projpath}/results/ray2_assembly_1/logs
${projpath}/results/ray2_assembly_1/logs/${projname}.20141022-16.44-out.o
${projpath}/results/ray2_assembly_1/logs/${projname}.20141022-16.44-out.e
${projpath}/results/ray2_assembly_1/logs_assembly
${projpath}/results/ray2_assembly_1/logs_assembly/assembly.o
${projpath}/results/ray2_assembly_1/logs_assembly/assembly.e
${projpath}/results/ray2_assembly_1/R1.single.fastq
${projpath}/results/ray2_assembly_1/R1.paired.fastq
${projpath}/results/ray2_assembly_1/R2.single.fastq
${projpath}/results/ray2_assembly_1/R2.paired.fastq
${projpath}/results/ray2_assembly_1/results
${projpath}/results/ray2_assembly_1/results/RayCommand.txt
${projpath}/results/ray2_assembly_1/results/RayVersion.txt
${projpath}/results/ray2_assembly_1/results/RaySmartCommand.txt
${projpath}/results/ray2_assembly_1/results/ElapsedTime.txt
${projpath}/results/ray2_assembly_1/results/RayPlatform_Version.txt
${projpath}/results/ray2_assembly_1/results/NetworkTest.txt
${projpath}/results/ray2_assembly_1/results/NumberOfSequences.txt
${projpath}/results/ray2_assembly_1/results/FilePartition.txt
${projpath}/results/ray2_assembly_1/results/SequencePartition.txt
${projpath}/results/ray2_assembly_1/results/CoverageDistribution.txt
${projpath}/results/ray2_assembly_1/results/CoverageDistributionAnalysis.txt
${projpath}/results/ray2_assembly_1/results/GraphPartition.txt
${projpath}/results/ray2_assembly_1/results/degreeDistribution.txt
${projpath}/results/ray2_assembly_1/results/SeedLengthDistribution.txt
${projpath}/results/ray2_assembly_1/results/LibraryData.xml
${projpath}/results/ray2_assembly_1/results/LibraryStatistics.txt
${projpath}/results/ray2_assembly_1/results/ParallelPaths.txt
${projpath}/results/ray2_assembly_1/results/Contigs.fasta
${projpath}/results/ray2_assembly_1/results/ScaffoldLinks.txt
${projpath}/results/ray2_assembly_1/results/ContigLengths.txt
${projpath}/results/ray2_assembly_1/results/ScaffoldLengths.txt
${projpath}/results/ray2_assembly_1/results/ScaffoldComponents.txt
${projpath}/results/ray2_assembly_1/results/Scaffolds.fasta
${projpath}/results/ray2_assembly_1/results/BiologicalAbundances
${projpath}/results/ray2_assembly_1/results/BiologicalAbundances/_DeNovoAssembly
${projpath}/results/ray2_assembly_1/results/BiologicalAbundances/_DeNovoAssembly/0.CoverageData.xml
${projpath}/results/ray2_assembly_1/results/BiologicalAbundances/_DeNovoAssembly/5.CoverageData.xml
${projpath}/results/ray2_assembly_1/results/BiologicalAbundances/_DeNovoAssembly/4.CoverageData.xml
${projpath}/results/ray2_assembly_1/results/BiologicalAbundances/_DeNovoAssembly/9.CoverageData.xml
${projpath}/results/ray2_assembly_1/results/BiologicalAbundances/_DeNovoAssembly/7.CoverageData.xml
${projpath}/results/ray2_assembly_1/results/BiologicalAbundances/_DeNovoAssembly/6.CoverageData.xml
${projpath}/results/ray2_assembly_1/results/BiologicalAbundances/_DeNovoAssembly/8.CoverageData.xml
${projpath}/results/ray2_assembly_1/results/BiologicalAbundances/_DeNovoAssembly/1.CoverageData.xml
${projpath}/results/ray2_assembly_1/results/BiologicalAbundances/_DeNovoAssembly/2.CoverageData.xml
${projpath}/results/ray2_assembly_1/results/BiologicalAbundances/_DeNovoAssembly/3.CoverageData.xml
${projpath}/results/ray2_assembly_1/results/BiologicalAbundances/_DeNovoAssembly/Contigs.tsv
${projpath}/results/ray2_assembly_1/results/BiologicalAbundances/_Coloring
${projpath}/results/ray2_assembly_1/results/BiologicalAbundances/_Coloring/0.Operations.txt
${projpath}/results/ray2_assembly_1/results/BiologicalAbundances/_Coloring/7.Operations.txt
${projpath}/results/ray2_assembly_1/results/BiologicalAbundances/_Coloring/2.Operations.txt
${projpath}/results/ray2_assembly_1/results/BiologicalAbundances/_Coloring/3.Operations.txt
${projpath}/results/ray2_assembly_1/results/BiologicalAbundances/_Coloring/1.Operations.txt
${projpath}/results/ray2_assembly_1/results/BiologicalAbundances/_Coloring/4.Operations.txt
${projpath}/results/ray2_assembly_1/results/BiologicalAbundances/_Coloring/8.Operations.txt
${projpath}/results/ray2_assembly_1/results/BiologicalAbundances/_Coloring/9.Operations.txt
${projpath}/results/ray2_assembly_1/results/BiologicalAbundances/_Coloring/6.Operations.txt
${projpath}/results/ray2_assembly_1/results/BiologicalAbundances/_Coloring/5.Operations.txt
${projpath}/results/ray2_assembly_1/results/BiologicalAbundances/_Coloring/GraphBrowsing.xml
${projpath}/results/ray2_assembly_1/results/BiologicalAbundances/_Frequencies
${projpath}/results/ray2_assembly_1/results/BiologicalAbundances/_Directories.tsv
${projpath}/results/ray2_assembly_1/results/BiologicalAbundances/_Taxonomy
${projpath}/results/ray2_assembly_1/results/BiologicalAbundances/_Taxonomy/Taxons.xml
${projpath}/results/ray2_assembly_1/results/BiologicalAbundances/_GeneOntology
${projpath}/results/ray2_assembly_1/results/NeighbourhoodRelations.txt
${projpath}/results/ray2_assembly_1/results/OutputNumbers.txt
${projpath}/results/ray2_assembly_1/out.ray.fa
${projpath}/results/ray2_assembly_1/contig.id
${projpath}/results/ray2_assembly_1/ray2_assembly_1.fasta
${projpath}/results/ray2_assembly_1/cap3.out
${projpath}/results/ray2_assembly_1/out.ray.fa.cap.info
${projpath}/results/ray2_assembly_1/out.ray.fa.cap.contigs.links
${projpath}/results/ray2_assembly_1/out.ray.fa.cap.contigs
${projpath}/results/ray2_assembly_1/out.ray.fa.cap.contigs.qual
${projpath}/results/ray2_assembly_1/out.ray.fa.cap.singlets
${projpath}/results/ray2_assembly_1/out.ray.fa.cap.ace
${projpath}/results/ray2_assembly_1/out.ray.fa.cap.concat
${projpath}/results/ray2_assembly_1/out.cap.fa
${projpath}/results/ray2_assembly_1/assembly.count
${projpath}/results/ray2_assembly_1/bowtie2_index
${projpath}/results/ray2_assembly_1/bowtie2_index/contigs.3.bt2
${projpath}/results/ray2_assembly_1/bowtie2_index/contigs.4.bt2
${projpath}/results/ray2_assembly_1/bowtie2_index/contigs.1.bt2
${projpath}/results/ray2_assembly_1/bowtie2_index/contigs.2.bt2
${projpath}/results/ray2_assembly_1/bowtie2_index/contigs.rev.1.bt2
${projpath}/results/ray2_assembly_1/bowtie2_index/contigs.rev.2.bt2
${projpath}/results/ray2_assembly_1/bowtie2_mapping
${projpath}/results/ray2_assembly_1/bowtie2_mapping/R1.map.id
${projpath}/results/ray2_assembly_1/bowtie2_mapping/R1.unmap.id
${projpath}/results/ray2_assembly_1/bowtie2_mapping/R2.map.id
${projpath}/results/ray2_assembly_1/bowtie2_mapping/R2.unmap.id
${projpath}/results/ray2_assembly_1/bowtie2_mapping/singleton.map.id
${projpath}/results/ray2_assembly_1/bowtie2_mapping/singleton.unmap.id
${projpath}/results/ray2_assembly_1/bowtie2_mapping/R1.unmap.fastq
${projpath}/results/ray2_assembly_1/bowtie2_mapping/R2.unmap.fastq
${projpath}/results/ray2_assembly_1/bowtie2_mapping/out.bam
${projpath}/results/ray2_assembly_1/contig_numreads.txt
${projpath}/results/ray2_assembly_1/1.R1.unmap.fastq
${projpath}/results/ray2_assembly_1/R1.count
${projpath}/results/ray2_assembly_1/1.R2.unmap.fastq
${projpath}/results/ray2_assembly_1/R2.count
${projpath}/results/ray2_assembly_1/head.1.R1.unmap.fastq
${projpath}/results/ray2_assembly_1/head.1.R2.unmap.fastq
${projpath}/results/ray2_assembly_1/contig_len.txt
